------------------------------------------------------------
TimeQuest Timing Analyzer Summary
------------------------------------------------------------

Type  : Setup 'auto_stp_external_clock_2'
Slack : 2.903
TNS   : 0.000

Type  : Setup 'CLOCK_50'
Slack : 4.672
TNS   : 0.000

Type  : Setup 'altera_reserved_tck'
Slack : 7.016
TNS   : 0.000

Type  : Setup 'Generate_Arbitrary_Divided_Clk32:Generate_LCD_scope_Clk|var_clk_div32:Div_Clk|tc_reg'
Slack : 9.920
TNS   : 0.000

Type  : Setup 'Audio_fsm:FSM3|state[1]'
Slack : 10.627
TNS   : 0.000

Type  : Setup 'ADDR_FSM:FSM1|state[0]'
Slack : 11.500
TNS   : 0.000

Type  : Setup 'FLASH_FSM:FSM2|state[1]'
Slack : 11.708
TNS   : 0.000

Type  : Setup 'audio_controller:audio_control|audio_clock:u4|LRCK_1X'
Slack : 11.780
TNS   : 0.000

Type  : Setup 'doublesync:ps2c_doublsync|reg2'
Slack : 11.807
TNS   : 0.000

Type  : Setup 'Generate_Arbitrary_Divided_Clk32:Gen_2Hz_clk|var_clk_div32:Div_Clk|tc_reg'
Slack : 11.891
TNS   : 0.000

Type  : Setup 'Write_Kbd_To_Scope_LCD:Write_Kbd_To_LCD1|state[9]'
Slack : 12.452
TNS   : 0.000

Type  : Setup 'auto_stp_external_clock_5'
Slack : 15.127
TNS   : 0.000

Type  : Setup 'audio_controller:audio_control|TFF_power_of_2_division_counter_with_auto_phase_inversion:generate_aud_ctrl_clk|widereg:div_regs_gen[1].div_reg|outdata[0]'
Slack : 16.401
TNS   : 0.000

Type  : Setup 'Generate_Arbitrary_Divided_Clk32:Gen_1KHz_clk|var_clk_div32:Div_Clk|tc_reg'
Slack : 17.163
TNS   : 0.000

Type  : Setup 'audio_controller:audio_control|TFF_power_of_2_division_counter_with_auto_phase_inversion:generate_aud_ctrl_clk|widereg:div_reg_top|outdata[0]'
Slack : 17.506
TNS   : 0.000

Type  : Setup 'SW[1]'
Slack : 19.714
TNS   : 0.000

Type  : Setup 'Write_Kbd_To_Scope_LCD:Write_Kbd_To_LCD1|state[4]'
Slack : 32.934
TNS   : 0.000

Type  : Setup 'counter:clk_10Hz|out'
Slack : 33.718
TNS   : 0.000

Type  : Setup 'audio_controller:audio_control|audio_clock:u4|oAUD_BCK'
Slack : 35.138
TNS   : 0.000

Type  : Setup 'audio_controller:audio_control|I2C_AV_Config:u3|mI2C_CTRL_CLK'
Slack : 35.326
TNS   : 0.000

Type  : Setup 'Write_Kbd_To_Scope_LCD:Write_Kbd_To_LCD1|state[6]'
Slack : 37.181
TNS   : 0.000

Type  : Hold 'CLOCK_50'
Slack : -3.167
TNS   : -1902.279

Type  : Hold 'audio_controller:audio_control|I2C_AV_Config:u3|mI2C_CTRL_CLK'
Slack : 0.270
TNS   : 0.000

Type  : Hold 'counter:clk_10Hz|out'
Slack : 0.285
TNS   : 0.000

Type  : Hold 'auto_stp_external_clock_2'
Slack : 0.288
TNS   : 0.000

Type  : Hold 'auto_stp_external_clock_5'
Slack : 0.295
TNS   : 0.000

Type  : Hold 'Generate_Arbitrary_Divided_Clk32:Generate_LCD_scope_Clk|var_clk_div32:Div_Clk|tc_reg'
Slack : 0.306
TNS   : 0.000

Type  : Hold 'audio_controller:audio_control|TFF_power_of_2_division_counter_with_auto_phase_inversion:generate_aud_ctrl_clk|widereg:div_regs_gen[1].div_reg|outdata[0]'
Slack : 0.340
TNS   : 0.000

Type  : Hold 'audio_controller:audio_control|audio_clock:u4|oAUD_BCK'
Slack : 0.360
TNS   : 0.000

Type  : Hold 'altera_reserved_tck'
Slack : 0.372
TNS   : 0.000

Type  : Hold 'Write_Kbd_To_Scope_LCD:Write_Kbd_To_LCD1|state[6]'
Slack : 0.480
TNS   : 0.000

Type  : Hold 'Write_Kbd_To_Scope_LCD:Write_Kbd_To_LCD1|state[4]'
Slack : 0.493
TNS   : 0.000

Type  : Hold 'audio_controller:audio_control|TFF_power_of_2_division_counter_with_auto_phase_inversion:generate_aud_ctrl_clk|widereg:div_reg_top|outdata[0]'
Slack : 0.575
TNS   : 0.000

Type  : Hold 'Generate_Arbitrary_Divided_Clk32:Gen_1KHz_clk|var_clk_div32:Div_Clk|tc_reg'
Slack : 0.641
TNS   : 0.000

Type  : Hold 'doublesync:ps2c_doublsync|reg2'
Slack : 0.661
TNS   : 0.000

Type  : Hold 'Audio_fsm:FSM3|state[1]'
Slack : 1.052
TNS   : 0.000

Type  : Hold 'FLASH_FSM:FSM2|state[1]'
Slack : 4.879
TNS   : 0.000

Type  : Hold 'ADDR_FSM:FSM1|state[0]'
Slack : 5.228
TNS   : 0.000

Type  : Hold 'audio_controller:audio_control|audio_clock:u4|LRCK_1X'
Slack : 5.298
TNS   : 0.000

Type  : Hold 'Generate_Arbitrary_Divided_Clk32:Gen_2Hz_clk|var_clk_div32:Div_Clk|tc_reg'
Slack : 5.741
TNS   : 0.000

Type  : Hold 'SW[1]'
Slack : 13.278
TNS   : 0.000

Type  : Hold 'Write_Kbd_To_Scope_LCD:Write_Kbd_To_LCD1|state[9]'
Slack : 21.740
TNS   : 0.000

Type  : Recovery 'Kbd_ctrl:Kbd_Controller|data_ready'
Slack : 0.184
TNS   : 0.000

Type  : Recovery 'speed_up_event_trigger'
Slack : 0.265
TNS   : 0.000

Type  : Recovery 'speed_down_event_trigger'
Slack : 0.513
TNS   : 0.000

Type  : Recovery 'doublesync:ps2c_doublsync|reg2'
Slack : 1.863
TNS   : 0.000

Type  : Recovery 'CLOCK_50'
Slack : 4.858
TNS   : 0.000

Type  : Recovery 'Audio_fsm:FSM3|state[1]'
Slack : 7.371
TNS   : 0.000

Type  : Recovery 'Write_Kbd_To_Scope_LCD:Write_Kbd_To_LCD1|state[5]'
Slack : 9.581
TNS   : 0.000

Type  : Recovery 'doublesync:key2_doublsync|reg2'
Slack : 10.135
TNS   : 0.000

Type  : Recovery 'Write_Kbd_To_Scope_LCD:Write_Kbd_To_LCD1|state[6]'
Slack : 11.500
TNS   : 0.000

Type  : Recovery 'audio_controller:audio_control|audio_clock:u4|oAUD_BCK'
Slack : 11.602
TNS   : 0.000

Type  : Recovery 'audio_controller:audio_control|TFF_power_of_2_division_counter_with_auto_phase_inversion:generate_aud_ctrl_clk|widereg:div_regs_gen[1].div_reg|outdata[0]'
Slack : 11.717
TNS   : 0.000

Type  : Recovery 'altera_reserved_tck'
Slack : 12.176
TNS   : 0.000

Type  : Recovery 'SW[1]'
Slack : 15.718
TNS   : 0.000

Type  : Removal 'CLOCK_50'
Slack : -2.043
TNS   : -64.093

Type  : Removal 'altera_reserved_tck'
Slack : 0.873
TNS   : 0.000

Type  : Removal 'SW[1]'
Slack : 1.989
TNS   : 0.000

Type  : Removal 'audio_controller:audio_control|audio_clock:u4|oAUD_BCK'
Slack : 5.159
TNS   : 0.000

Type  : Removal 'Write_Kbd_To_Scope_LCD:Write_Kbd_To_LCD1|state[6]'
Slack : 5.632
TNS   : 0.000

Type  : Removal 'doublesync:ps2c_doublsync|reg2'
Slack : 5.828
TNS   : 0.000

Type  : Removal 'audio_controller:audio_control|TFF_power_of_2_division_counter_with_auto_phase_inversion:generate_aud_ctrl_clk|widereg:div_regs_gen[1].div_reg|outdata[0]'
Slack : 6.047
TNS   : 0.000

Type  : Removal 'Audio_fsm:FSM3|state[1]'
Slack : 6.855
TNS   : 0.000

Type  : Removal 'doublesync:key2_doublsync|reg2'
Slack : 7.493
TNS   : 0.000

Type  : Removal 'Write_Kbd_To_Scope_LCD:Write_Kbd_To_LCD1|state[5]'
Slack : 7.839
TNS   : 0.000

Type  : Removal 'speed_up_event_trigger'
Slack : 17.266
TNS   : 0.000

Type  : Removal 'speed_down_event_trigger'
Slack : 17.355
TNS   : 0.000

Type  : Removal 'Kbd_ctrl:Kbd_Controller|data_ready'
Slack : 17.478
TNS   : 0.000

Type  : Minimum Pulse Width 'CLOCK_50'
Slack : 8.490
TNS   : 0.000

Type  : Minimum Pulse Width 'altera_reserved_tck'
Slack : 15.272
TNS   : 0.000

Type  : Minimum Pulse Width 'auto_stp_external_clock_5'
Slack : 18.880
TNS   : 0.000

Type  : Minimum Pulse Width 'auto_stp_external_clock_2'
Slack : 18.892
TNS   : 0.000

Type  : Minimum Pulse Width 'doublesync:ps2c_doublsync|reg2'
Slack : 19.083
TNS   : 0.000

Type  : Minimum Pulse Width 'Generate_Arbitrary_Divided_Clk32:Generate_LCD_scope_Clk|var_clk_div32:Div_Clk|tc_reg'
Slack : 19.206
TNS   : 0.000

Type  : Minimum Pulse Width 'audio_controller:audio_control|TFF_power_of_2_division_counter_with_auto_phase_inversion:generate_aud_ctrl_clk|widereg:div_reg_top|outdata[0]'
Slack : 19.291
TNS   : 0.000

Type  : Minimum Pulse Width 'audio_controller:audio_control|TFF_power_of_2_division_counter_with_auto_phase_inversion:generate_aud_ctrl_clk|widereg:div_regs_gen[1].div_reg|outdata[0]'
Slack : 19.297
TNS   : 0.000

Type  : Minimum Pulse Width 'SW[1]'
Slack : 19.298
TNS   : 0.000

Type  : Minimum Pulse Width 'Write_Kbd_To_Scope_LCD:Write_Kbd_To_LCD1|state[4]'
Slack : 19.302
TNS   : 0.000

Type  : Minimum Pulse Width 'audio_controller:audio_control|I2C_AV_Config:u3|mI2C_CTRL_CLK'
Slack : 19.333
TNS   : 0.000

Type  : Minimum Pulse Width 'audio_controller:audio_control|audio_clock:u4|oAUD_BCK'
Slack : 19.336
TNS   : 0.000

Type  : Minimum Pulse Width 'FLASH_FSM:FSM2|state[1]'
Slack : 19.339
TNS   : 0.000

Type  : Minimum Pulse Width 'counter:clk_10Hz|out'
Slack : 19.342
TNS   : 0.000

Type  : Minimum Pulse Width 'Write_Kbd_To_Scope_LCD:Write_Kbd_To_LCD1|state[6]'
Slack : 19.354
TNS   : 0.000

Type  : Minimum Pulse Width 'Write_Kbd_To_Scope_LCD:Write_Kbd_To_LCD1|state[9]'
Slack : 19.380
TNS   : 0.000

Type  : Minimum Pulse Width 'Audio_fsm:FSM3|state[1]'
Slack : 19.383
TNS   : 0.000

Type  : Minimum Pulse Width 'ADDR_FSM:FSM1|state[0]'
Slack : 19.386
TNS   : 0.000

Type  : Minimum Pulse Width 'Write_Kbd_To_Scope_LCD:Write_Kbd_To_LCD1|state[5]'
Slack : 19.388
TNS   : 0.000

Type  : Minimum Pulse Width 'audio_controller:audio_control|audio_clock:u4|LRCK_1X'
Slack : 19.400
TNS   : 0.000

Type  : Minimum Pulse Width 'Generate_Arbitrary_Divided_Clk32:Gen_2Hz_clk|var_clk_div32:Div_Clk|tc_reg'
Slack : 19.402
TNS   : 0.000

Type  : Minimum Pulse Width 'doublesync:key2_doublsync|reg2'
Slack : 19.403
TNS   : 0.000

Type  : Minimum Pulse Width 'speed_down_event_trigger'
Slack : 19.404
TNS   : 0.000

Type  : Minimum Pulse Width 'Kbd_ctrl:Kbd_Controller|data_ready'
Slack : 19.406
TNS   : 0.000

Type  : Minimum Pulse Width 'Generate_Arbitrary_Divided_Clk32:Gen_1KHz_clk|var_clk_div32:Div_Clk|tc_reg'
Slack : 19.413
TNS   : 0.000

Type  : Minimum Pulse Width 'speed_up_event_trigger'
Slack : 19.431
TNS   : 0.000

------------------------------------------------------------
