------------------------------------------------------------
TimeQuest Timing Analyzer Summary
------------------------------------------------------------

Type  : Setup 'auto_stp_external_clock_2'
Slack : 2.759
TNS   : 0.000

Type  : Setup 'CLOCK_50'
Slack : 4.517
TNS   : 0.000

Type  : Setup 'altera_reserved_tck'
Slack : 6.356
TNS   : 0.000

Type  : Setup 'ADDR_FSM:FSM1|state[0]'
Slack : 7.955
TNS   : 0.000

Type  : Setup 'Generate_Arbitrary_Divided_Clk32:Generate_LCD_scope_Clk|var_clk_div32:Div_Clk|tc_reg'
Slack : 10.027
TNS   : 0.000

Type  : Setup 'Write_Kbd_To_Scope_LCD:Write_Kbd_To_LCD1|state[9]'
Slack : 10.542
TNS   : 0.000

Type  : Setup 'Audio_fsm:FSM3|state[1]'
Slack : 10.750
TNS   : 0.000

Type  : Setup 'audio_controller:audio_control|audio_clock:u4|LRCK_1X'
Slack : 11.060
TNS   : 0.000

Type  : Setup 'doublesync:ps2c_doublsync|reg2'
Slack : 11.239
TNS   : 0.000

Type  : Setup 'FLASH_FSM:FSM2|state[1]'
Slack : 11.516
TNS   : 0.000

Type  : Setup 'Generate_Arbitrary_Divided_Clk32:Gen_2Hz_clk|var_clk_div32:Div_Clk|tc_reg'
Slack : 11.527
TNS   : 0.000

Type  : Setup 'auto_stp_external_clock_5'
Slack : 13.918
TNS   : 0.000

Type  : Setup 'SW[6]'
Slack : 14.299
TNS   : 0.000

Type  : Setup 'audio_controller:audio_control|TFF_power_of_2_division_counter_with_auto_phase_inversion:generate_aud_ctrl_clk|widereg:div_regs_gen[1].div_reg|outdata[0]'
Slack : 16.035
TNS   : 0.000

Type  : Setup 'Generate_Arbitrary_Divided_Clk32:Gen_1KHz_clk|var_clk_div32:Div_Clk|tc_reg'
Slack : 17.137
TNS   : 0.000

Type  : Setup 'audio_controller:audio_control|TFF_power_of_2_division_counter_with_auto_phase_inversion:generate_aud_ctrl_clk|widereg:div_reg_top|outdata[0]'
Slack : 17.380
TNS   : 0.000

Type  : Setup 'SW[1]'
Slack : 19.796
TNS   : 0.000

Type  : Setup 'Write_Kbd_To_Scope_LCD:Write_Kbd_To_LCD1|state[4]'
Slack : 30.776
TNS   : 0.000

Type  : Setup 'audio_controller:audio_control|I2C_AV_Config:u3|mI2C_CTRL_CLK'
Slack : 34.194
TNS   : 0.000

Type  : Setup 'audio_controller:audio_control|audio_clock:u4|oAUD_BCK'
Slack : 34.463
TNS   : 0.000

Type  : Setup 'counter:clk_10Hz|out'
Slack : 35.689
TNS   : 0.000

Type  : Setup 'Write_Kbd_To_Scope_LCD:Write_Kbd_To_LCD1|state[6]'
Slack : 36.598
TNS   : 0.000

Type  : Hold 'CLOCK_50'
Slack : -3.117
TNS   : -1858.591

Type  : Hold 'Generate_Arbitrary_Divided_Clk32:Generate_LCD_scope_Clk|var_clk_div32:Div_Clk|tc_reg'
Slack : 0.272
TNS   : 0.000

Type  : Hold 'audio_controller:audio_control|I2C_AV_Config:u3|mI2C_CTRL_CLK'
Slack : 0.272
TNS   : 0.000

Type  : Hold 'auto_stp_external_clock_5'
Slack : 0.291
TNS   : 0.000

Type  : Hold 'auto_stp_external_clock_2'
Slack : 0.295
TNS   : 0.000

Type  : Hold 'counter:clk_10Hz|out'
Slack : 0.296
TNS   : 0.000

Type  : Hold 'audio_controller:audio_control|audio_clock:u4|oAUD_BCK'
Slack : 0.314
TNS   : 0.000

Type  : Hold 'Write_Kbd_To_Scope_LCD:Write_Kbd_To_LCD1|state[4]'
Slack : 0.364
TNS   : 0.000

Type  : Hold 'altera_reserved_tck'
Slack : 0.372
TNS   : 0.000

Type  : Hold 'Generate_Arbitrary_Divided_Clk32:Gen_1KHz_clk|var_clk_div32:Div_Clk|tc_reg'
Slack : 0.521
TNS   : 0.000

Type  : Hold 'audio_controller:audio_control|TFF_power_of_2_division_counter_with_auto_phase_inversion:generate_aud_ctrl_clk|widereg:div_regs_gen[1].div_reg|outdata[0]'
Slack : 0.592
TNS   : 0.000

Type  : Hold 'doublesync:ps2c_doublsync|reg2'
Slack : 0.610
TNS   : 0.000

Type  : Hold 'Write_Kbd_To_Scope_LCD:Write_Kbd_To_LCD1|state[6]'
Slack : 0.630
TNS   : 0.000

Type  : Hold 'audio_controller:audio_control|TFF_power_of_2_division_counter_with_auto_phase_inversion:generate_aud_ctrl_clk|widereg:div_reg_top|outdata[0]'
Slack : 0.731
TNS   : 0.000

Type  : Hold 'Audio_fsm:FSM3|state[1]'
Slack : 0.817
TNS   : 0.000

Type  : Hold 'SW[6]'
Slack : 2.620
TNS   : 0.000

Type  : Hold 'audio_controller:audio_control|audio_clock:u4|LRCK_1X'
Slack : 4.917
TNS   : 0.000

Type  : Hold 'FLASH_FSM:FSM2|state[1]'
Slack : 4.971
TNS   : 0.000

Type  : Hold 'ADDR_FSM:FSM1|state[0]'
Slack : 5.132
TNS   : 0.000

Type  : Hold 'Generate_Arbitrary_Divided_Clk32:Gen_2Hz_clk|var_clk_div32:Div_Clk|tc_reg'
Slack : 5.847
TNS   : 0.000

Type  : Hold 'SW[1]'
Slack : 13.797
TNS   : 0.000

Type  : Hold 'Write_Kbd_To_Scope_LCD:Write_Kbd_To_LCD1|state[9]'
Slack : 22.068
TNS   : 0.000

Type  : Recovery 'speed_down_event_trigger'
Slack : 0.712
TNS   : 0.000

Type  : Recovery 'doublesync:ps2c_doublsync|reg2'
Slack : 0.753
TNS   : 0.000

Type  : Recovery 'speed_up_event_trigger'
Slack : 1.139
TNS   : 0.000

Type  : Recovery 'Kbd_ctrl:Kbd_Controller|data_ready'
Slack : 1.163
TNS   : 0.000

Type  : Recovery 'CLOCK_50'
Slack : 6.091
TNS   : 0.000

Type  : Recovery 'doublesync:key2_doublsync|reg2'
Slack : 9.223
TNS   : 0.000

Type  : Recovery 'FLASH_FSM:FSM2|state[1]'
Slack : 10.173
TNS   : 0.000

Type  : Recovery 'ADDR_FSM:FSM1|state[0]'
Slack : 10.590
TNS   : 0.000

Type  : Recovery 'Audio_fsm:FSM3|state[1]'
Slack : 10.622
TNS   : 0.000

Type  : Recovery 'audio_controller:audio_control|audio_clock:u4|oAUD_BCK'
Slack : 11.509
TNS   : 0.000

Type  : Recovery 'audio_controller:audio_control|TFF_power_of_2_division_counter_with_auto_phase_inversion:generate_aud_ctrl_clk|widereg:div_regs_gen[1].div_reg|outdata[0]'
Slack : 11.510
TNS   : 0.000

Type  : Recovery 'Write_Kbd_To_Scope_LCD:Write_Kbd_To_LCD1|state[6]'
Slack : 11.570
TNS   : 0.000

Type  : Recovery 'Write_Kbd_To_Scope_LCD:Write_Kbd_To_LCD1|state[5]'
Slack : 12.011
TNS   : 0.000

Type  : Recovery 'altera_reserved_tck'
Slack : 14.346
TNS   : 0.000

Type  : Recovery 'SW[1]'
Slack : 16.429
TNS   : 0.000

Type  : Removal 'CLOCK_50'
Slack : 0.556
TNS   : 0.000

Type  : Removal 'altera_reserved_tck'
Slack : 0.698
TNS   : 0.000

Type  : Removal 'SW[1]'
Slack : 1.441
TNS   : 0.000

Type  : Removal 'audio_controller:audio_control|audio_clock:u4|oAUD_BCK'
Slack : 4.648
TNS   : 0.000

Type  : Removal 'Write_Kbd_To_Scope_LCD:Write_Kbd_To_LCD1|state[6]'
Slack : 5.338
TNS   : 0.000

Type  : Removal 'Audio_fsm:FSM3|state[1]'
Slack : 5.862
TNS   : 0.000

Type  : Removal 'Write_Kbd_To_Scope_LCD:Write_Kbd_To_LCD1|state[5]'
Slack : 5.873
TNS   : 0.000

Type  : Removal 'audio_controller:audio_control|TFF_power_of_2_division_counter_with_auto_phase_inversion:generate_aud_ctrl_clk|widereg:div_regs_gen[1].div_reg|outdata[0]'
Slack : 6.069
TNS   : 0.000

Type  : Removal 'ADDR_FSM:FSM1|state[0]'
Slack : 6.172
TNS   : 0.000

Type  : Removal 'doublesync:ps2c_doublsync|reg2'
Slack : 6.808
TNS   : 0.000

Type  : Removal 'FLASH_FSM:FSM2|state[1]'
Slack : 7.008
TNS   : 0.000

Type  : Removal 'doublesync:key2_doublsync|reg2'
Slack : 8.020
TNS   : 0.000

Type  : Removal 'Kbd_ctrl:Kbd_Controller|data_ready'
Slack : 16.673
TNS   : 0.000

Type  : Removal 'speed_up_event_trigger'
Slack : 16.753
TNS   : 0.000

Type  : Removal 'speed_down_event_trigger'
Slack : 17.001
TNS   : 0.000

Type  : Minimum Pulse Width 'CLOCK_50'
Slack : 8.574
TNS   : 0.000

Type  : Minimum Pulse Width 'altera_reserved_tck'
Slack : 15.271
TNS   : 0.000

Type  : Minimum Pulse Width 'auto_stp_external_clock_5'
Slack : 18.879
TNS   : 0.000

Type  : Minimum Pulse Width 'auto_stp_external_clock_2'
Slack : 18.882
TNS   : 0.000

Type  : Minimum Pulse Width 'doublesync:ps2c_doublsync|reg2'
Slack : 19.205
TNS   : 0.000

Type  : Minimum Pulse Width 'audio_controller:audio_control|audio_clock:u4|oAUD_BCK'
Slack : 19.218
TNS   : 0.000

Type  : Minimum Pulse Width 'audio_controller:audio_control|TFF_power_of_2_division_counter_with_auto_phase_inversion:generate_aud_ctrl_clk|widereg:div_regs_gen[1].div_reg|outdata[0]'
Slack : 19.229
TNS   : 0.000

Type  : Minimum Pulse Width 'Write_Kbd_To_Scope_LCD:Write_Kbd_To_LCD1|state[6]'
Slack : 19.272
TNS   : 0.000

Type  : Minimum Pulse Width 'Generate_Arbitrary_Divided_Clk32:Generate_LCD_scope_Clk|var_clk_div32:Div_Clk|tc_reg'
Slack : 19.282
TNS   : 0.000

Type  : Minimum Pulse Width 'Write_Kbd_To_Scope_LCD:Write_Kbd_To_LCD1|state[4]'
Slack : 19.287
TNS   : 0.000

Type  : Minimum Pulse Width 'SW[1]'
Slack : 19.294
TNS   : 0.000

Type  : Minimum Pulse Width 'audio_controller:audio_control|audio_clock:u4|LRCK_1X'
Slack : 19.303
TNS   : 0.000

Type  : Minimum Pulse Width 'audio_controller:audio_control|I2C_AV_Config:u3|mI2C_CTRL_CLK'
Slack : 19.305
TNS   : 0.000

Type  : Minimum Pulse Width 'ADDR_FSM:FSM1|state[0]'
Slack : 19.331
TNS   : 0.000

Type  : Minimum Pulse Width 'Kbd_ctrl:Kbd_Controller|data_ready'
Slack : 19.341
TNS   : 0.000

Type  : Minimum Pulse Width 'FLASH_FSM:FSM2|state[1]'
Slack : 19.366
TNS   : 0.000

Type  : Minimum Pulse Width 'counter:clk_10Hz|out'
Slack : 19.375
TNS   : 0.000

Type  : Minimum Pulse Width 'Generate_Arbitrary_Divided_Clk32:Gen_1KHz_clk|var_clk_div32:Div_Clk|tc_reg'
Slack : 19.380
TNS   : 0.000

Type  : Minimum Pulse Width 'Write_Kbd_To_Scope_LCD:Write_Kbd_To_LCD1|state[5]'
Slack : 19.390
TNS   : 0.000

Type  : Minimum Pulse Width 'Generate_Arbitrary_Divided_Clk32:Gen_2Hz_clk|var_clk_div32:Div_Clk|tc_reg'
Slack : 19.401
TNS   : 0.000

Type  : Minimum Pulse Width 'Write_Kbd_To_Scope_LCD:Write_Kbd_To_LCD1|state[9]'
Slack : 19.405
TNS   : 0.000

Type  : Minimum Pulse Width 'speed_down_event_trigger'
Slack : 19.405
TNS   : 0.000

Type  : Minimum Pulse Width 'speed_up_event_trigger'
Slack : 19.407
TNS   : 0.000

Type  : Minimum Pulse Width 'doublesync:key2_doublsync|reg2'
Slack : 19.408
TNS   : 0.000

Type  : Minimum Pulse Width 'Audio_fsm:FSM3|state[1]'
Slack : 19.415
TNS   : 0.000

Type  : Minimum Pulse Width 'audio_controller:audio_control|TFF_power_of_2_division_counter_with_auto_phase_inversion:generate_aud_ctrl_clk|widereg:div_reg_top|outdata[0]'
Slack : 19.433
TNS   : 0.000

Type  : Minimum Pulse Width 'SW[6]'
Slack : 19.574
TNS   : 0.000

------------------------------------------------------------
